// Jest Snapshot v1, https://goo.gl/fbAQLP

exports[`Walkthrough for usdc as denomination asset buy shares: max assets: usdc 1`] = `1214268`;

exports[`Walkthrough for usdc as denomination asset buys more shares of a fund: usdc 1`] = `368775`;

exports[`Walkthrough for usdc as denomination asset buys shares of a fund: usdc 1`] = `332009`;

exports[`Walkthrough for usdc as denomination asset calculates the GAV of the fund with 20 assets: usdc 1`] = `929243`;

exports[`Walkthrough for usdc as denomination asset calculates the GAV of the fund with only the denomination asset: usdc 1`] = `66869`;

exports[`Walkthrough for usdc as denomination asset creates a new fund: usdc 1`] = `871257`;

exports[`Walkthrough for usdc as denomination asset redeems all remaining shares of the first investor (without fees failure): usdc 1`] = `1864895`;

exports[`Walkthrough for usdc as denomination asset redeems some shares of the investor (without fees failure): usdc 1`] = `2307503`;

exports[`Walkthrough for usdc as denomination asset trades on Uniswap: usdc 1`] = `255609`;

exports[`Walkthrough for weth as denomination asset buy shares: max assets: weth 1`] = `1116385`;

exports[`Walkthrough for weth as denomination asset buys more shares of a fund: weth 1`] = `347308`;

exports[`Walkthrough for weth as denomination asset buys shares of a fund: weth 1`] = `309341`;

exports[`Walkthrough for weth as denomination asset calculates the GAV of the fund with 20 assets: weth 1`] = `843165`;

exports[`Walkthrough for weth as denomination asset calculates the GAV of the fund with only the denomination asset: weth 1`] = `57330`;

exports[`Walkthrough for weth as denomination asset creates a new fund: weth 1`] = `860740`;

exports[`Walkthrough for weth as denomination asset redeems all remaining shares of the first investor (without fees failure): weth 1`] = `1770663`;

exports[`Walkthrough for weth as denomination asset redeems some shares of the investor (without fees failure): weth 1`] = `2213089`;

exports[`Walkthrough for weth as denomination asset trades on Uniswap: weth 1`] = `229815`;
